Wed Apr  1 06:59:00 PM EDT 2026: Memory sufficient (5779MB). No action needed.
Wed Apr  1 07:14:00 PM EDT 2026: Memory low (1649MB). Checking for idle Multipass VMs...
Wed Apr  1 07:14:04 PM EDT 2026: Keeping active VM: dotfiles-test-1775084529 (Load: 0.52)
Wed Apr  1 07:14:04 PM EDT 2026: Deleting idle VM: dotfiles-test-1775084209 (Load: 0)
Wed Apr  1 07:14:04 PM EDT 2026: Deleting idle VM: dotfiles-test-1775083558 (Load: 0)
Wed Apr  1 07:29:05 PM EDT 2026: Memory sufficient (7695MB). No action needed.
Wed Apr  1 07:44:05 PM EDT 2026: Memory sufficient (7672MB). No action needed.
Wed Apr  1 07:59:05 PM EDT 2026: Memory low (631MB). Checking for idle Multipass VMs...
Wed Apr  1 07:59:06 PM EDT 2026: Keeping active VM: dotfiles-test-1775087834 (Load: 0.59)
Wed Apr  1 07:59:06 PM EDT 2026: Keeping active VM: dotfiles-test-1775087529 (Load: 0.18)
Wed Apr  1 07:59:07 PM EDT 2026: Deleting idle VM: dotfiles-test-1775087255 (Load: 0)
Wed Apr  1 07:59:07 PM EDT 2026: Deleting idle VM: dotfiles-test-1775086415 (Load: 0)
Wed Apr  1 08:14:08 PM EDT 2026: Memory low (64MB). Checking for idle Multipass VMs...
Wed Apr  1 09:13:02 PM EDT 2026: Deleting idle VM: dotfiles-test-1775088705 (Load: null)
Wed Apr  1 09:13:03 PM EDT 2026: Keeping active VM: dotfiles-test-1775088372 (Load: 9.2)
Wed Apr  1 09:13:03 PM EDT 2026: Keeping active VM: dotfiles-test-1775088091 (Load: 19.88)
Wed Apr  1 09:13:03 PM EDT 2026: Keeping active VM: dotfiles-test-1775087834 (Load: 25.92)
Wed Apr  1 09:13:03 PM EDT 2026: Keeping active VM: dotfiles-test-1775087529 (Load: 22.08)
Wed Apr  1 09:28:03 PM EDT 2026: Memory sufficient (9739MB). No action needed.
Wed Apr  1 09:43:03 PM EDT 2026: Memory sufficient (4778MB). No action needed.
Wed Apr  1 09:58:03 PM EDT 2026: Memory low (1392MB). Checking for idle Multipass VMs...
Wed Apr  1 09:58:04 PM EDT 2026: Keeping active VM: dotfiles-test-1775095005 (Load: 0.67)
Wed Apr  1 09:58:04 PM EDT 2026: Keeping active VM: dotfiles-test-1775094168 (Load: 0.11)
Wed Apr  1 09:58:04 PM EDT 2026: Deleting idle VM: dotfiles-test-1775093338 (Load: 0)
Wed Apr  1 09:58:05 PM EDT 2026: Keeping active VM: dotfiles-test-1775092517 (Load: 0.05)
Wed Apr  1 10:13:05 PM EDT 2026: Memory low (1413MB). Checking for idle Multipass VMs...
Wed Apr  1 10:13:05 PM EDT 2026: Keeping active VM: dotfiles-test-1775095819 (Load: 0.67)
Wed Apr  1 10:13:05 PM EDT 2026: Keeping active VM: dotfiles-test-1775095005 (Load: 0.05)
Wed Apr  1 10:13:05 PM EDT 2026: Deleting idle VM: dotfiles-test-1775094168 (Load: 0)
Wed Apr  1 10:13:06 PM EDT 2026: Deleting idle VM: dotfiles-test-1775092517 (Load: 0)
Wed Apr  1 10:28:06 PM EDT 2026: Memory low (3209MB). Checking for idle Multipass VMs...
Wed Apr  1 10:28:06 PM EDT 2026: Keeping active VM: dotfiles-test-1775096780 (Load: 0.35)
Wed Apr  1 10:28:07 PM EDT 2026: Keeping active VM: dotfiles-test-1775095819 (Load: 0.03)
Wed Apr  1 10:28:07 PM EDT 2026: Deleting idle VM: dotfiles-test-1775095005 (Load: 0)
Wed Apr  1 10:43:07 PM EDT 2026: Memory low (2833MB). Checking for idle Multipass VMs...
Wed Apr  1 10:43:07 PM EDT 2026: Keeping active VM: dotfiles-test-1775097681 (Load: 0.29)
Wed Apr  1 10:43:08 PM EDT 2026: Keeping active VM: dotfiles-test-1775096780 (Load: 0.03)
Wed Apr  1 10:43:08 PM EDT 2026: Deleting idle VM: dotfiles-test-1775095819 (Load: 0)
